// Jest Snapshot v1, https://goo.gl/fbAQLP

exports[`<RequestReset/> renders and matches snapshot 1`] = `
<form
  className="Form-t0rxhl-0 lpjQDY"
  data-test="form"
  method="post"
  onSubmit={[Function]}
>
  <fieldset
    aria-busy={false}
    disabled={false}
  >
    <h2>
      Resetowanie has≈Ça
    </h2>
    <DisplayError
      error={Object {}}
    />
    <label>
      Email
      <input
        name="email"
        onChange={[Function]}
        placeholder="e-mail"
        required={true}
        type="email"
        value=""
      />
    </label>
    <button
      type="submit"
    >
      Resetuj
    </button>
  </fieldset>
</form>
`;
